test {u'test': {u'cgdata': {u'version': u'2011-12-09', u'columnKeyMap': {u'type': u'id', u'name': u'test'}, u'type': u'idMap', u'name': u'test', u'links': []}}} [u'genomicMatrix', u'clinicalMatrix', u'idMap']
Generate trackGenomic test
presets: {'HER2+': 'category'}
float
category
{'HER2+': {'1': 1, '0': 0}}
{'age': True}
enum {'HER2+': {'1': 1, '0': 0}}
test {u'test': {u'cgdata': {u'version': u'2011-12-09', u'columnKeyMap': {u'type': u'id', u'name': u'test'}, u'type': u'idMap', u'name': u'test', u'links': []}}} [u'genomicMatrix', u'idMap', u'clinicalMatrix']
Generate trackGenomic test
presets: {}
float
category
{'status': {'Negative"\'`\\': 0}}
{'age"\'`\\': True}
enum {'status': {'Negative"\'`\\': 0}}
test {u'test': {u'cgdata': {u'version': u'2011-12-09', u'columnKeyMap': {u'type': u'id', u'name': u'test'}, u'type': u'idMap', u'name': u'test', u'links': []}}} [u'genomicMatrix', u'clinicalMatrix', u'idMap']
Generate trackGenomic test
presets: {}
float
category
{'status': {'Negative': 0}}
{'age': True}
enum {'status': {'Negative': 0}}
test {u'test': {u'cgdata': {u'version': u'2011-12-09', u'columnKeyMap': {u'type': u'id', u'name': u'test'}, u'type': u'idMap', u'name': u'test', u'links': []}}} [u'genomicMatrix', u'idMap', u'clinicalMatrix']
Generate trackGenomic test
presets: {}
float
category
{'status': {'Positive': 1, 'Negative': 0}}
{'age': True}
enum {'status': {'Positive': 1, 'Negative': 0}}
test {u'test': {u'cgdata': {u'version': u'2011-12-09', u'columnKeyMap': {u'type': u'id', u'name': u'test'}, u'type': u'idMap', u'name': u'test', u'links': []}}} [u'genomicMatrix', u'clinicalMatrix', u'idMap']
Generate trackGenomic test
presets: {'color': 'category'}
float
category
{'color': {'Blue': 0, 'Orange': 2, 'Green': 1, 'Red': 4, 'Purple': 3}}
{'age': True}
enum {'color': {'Blue': 3, 'Orange': 1, 'Green': 2, 'Red': 0, 'Purple': 4}}
test {u'test': {u'cgdata': {u'version': u'2011-12-09', u'columnKeyMap': {u'type': u'id', u'name': u'test'}, u'type': u'idMap', u'name': u'test', u'links': []}}} [u'genomicMatrix', u'idMap', u'clinicalMatrix']
Generate trackGenomic test
presets: {}
float
category
{'status': {'Negative': 0}}
{'age': True}
enum {'status': {'Negative': 0}}
test {u'test': {u'cgdata': {u'version': u'2011-12-09', u'columnKeyMap': {u'type': u'id', u'name': u'test'}, u'type': u'idMap', u'name': u'test', u'links': []}}} [u'genomicMatrix', u'clinicalMatrix', u'idMap']
Generate trackGenomic test
presets: {'color': 'category'}
float
category
{'color': {'Blue': 0, 'Red,Blue': 3, 'Blue,Yellow': 1, 'Red,Yellow': 4, 'Red': 2}}
{'age': True}
enum {'color': {'Blue': 3, 'Red,Blue': 4, 'Blue,Yellow': 2, 'Red,Yellow': 1, 'Red': 0}}
test {u'test': {u'cgdata': {u'version': u'2011-12-09', u'columnKeyMap': {u'type': u'id', u'name': u'test'}, u'type': u'idMap', u'name': u'test', u'links': []}}} [u'genomicMatrix', u'clinicalMatrix', u'idMap']
Generate trackGenomic test
presets: {'color': 'category', 'age': 'float'}
float
category
{'color': {'Blue': 0, 'Orange': 2, 'Green': 1, 'Red': 4, 'Purple': 3}}
{'age': True}
enum {'color': {'Blue': 3, 'Orange': 1, 'Green': 2, 'Red': 0, 'Purple': 4}}
test {u'test': {u'cgdata': {u'version': u'2011-12-09', u'columnKeyMap': {u'type': u'id', u'name': u'test'}, u'type': u'idMap', u'name': u'test', u'links': []}}} [u'genomicMatrix', u'idMap', u'clinicalMatrix']
Generate trackGenomic test
presets: {}
float
category
{'status': {'Positive': 1, 'Negative': 0}}
{'age': True}
enum {'status': {'Positive': 1, 'Negative': 0}}
